------------------------------------------------------------
Timing Analyzer Summary
------------------------------------------------------------

Type  : Slow 1200mV 85C Model Setup 'clk_16ms'
Slack : -5.374
TNS   : -117.150

Type  : Slow 1200mV 85C Model Setup 'clk'
Slack : -3.069
TNS   : -16.180

Type  : Slow 1200mV 85C Model Hold 'clk_16ms'
Slack : 0.453
TNS   : 0.000

Type  : Slow 1200mV 85C Model Hold 'clk'
Slack : 0.466
TNS   : 0.000

Type  : Slow 1200mV 85C Model Minimum Pulse Width 'clk'
Slack : -3.000
TNS   : -17.870

Type  : Slow 1200mV 85C Model Minimum Pulse Width 'clk_16ms'
Slack : -1.487
TNS   : -49.071

Type  : Slow 1200mV 0C Model Setup 'clk_16ms'
Slack : -4.990
TNS   : -107.461

Type  : Slow 1200mV 0C Model Setup 'clk'
Slack : -2.873
TNS   : -14.378

Type  : Slow 1200mV 0C Model Hold 'clk_16ms'
Slack : 0.401
TNS   : 0.000

Type  : Slow 1200mV 0C Model Hold 'clk'
Slack : 0.417
TNS   : 0.000

Type  : Slow 1200mV 0C Model Minimum Pulse Width 'clk'
Slack : -3.000
TNS   : -17.870

Type  : Slow 1200mV 0C Model Minimum Pulse Width 'clk_16ms'
Slack : -1.487
TNS   : -49.071

Type  : Fast 1200mV 0C Model Setup 'clk_16ms'
Slack : -1.733
TNS   : -31.727

Type  : Fast 1200mV 0C Model Setup 'clk'
Slack : -0.808
TNS   : -2.113

Type  : Fast 1200mV 0C Model Hold 'clk_16ms'
Slack : 0.186
TNS   : 0.000

Type  : Fast 1200mV 0C Model Hold 'clk'
Slack : 0.194
TNS   : 0.000

Type  : Fast 1200mV 0C Model Minimum Pulse Width 'clk'
Slack : -3.000
TNS   : -13.640

Type  : Fast 1200mV 0C Model Minimum Pulse Width 'clk_16ms'
Slack : -1.000
TNS   : -33.000

------------------------------------------------------------
