------------------------------------------------------------
Timing Analyzer Summary
------------------------------------------------------------

Type  : Slow 1200mV 85C Model Setup 'Timer:pt|clk_10ms'
Slack : -90.005
TNS   : -1632.508

Type  : Slow 1200mV 85C Model Setup 'LCD12864_controller:inst|clk_10'
Slack : -14.365
TNS   : -223.574

Type  : Slow 1200mV 85C Model Setup 'DS1302_Top_final:DS1302|CLK_div:cl|clk_out'
Slack : -10.196
TNS   : -174.403

Type  : Slow 1200mV 85C Model Setup 'fsm_screen:FS|state.MENU'
Slack : -6.917
TNS   : -1534.340

Type  : Slow 1200mV 85C Model Setup 'Keyboard_top:keyboard|clock:clk_div|count'
Slack : -5.017
TNS   : -376.656

Type  : Slow 1200mV 85C Model Setup 'clk'
Slack : -4.593
TNS   : -447.731

Type  : Slow 1200mV 85C Model Hold 'DS1302_Top_final:DS1302|CLK_div:cl|clk_out'
Slack : 0.452
TNS   : 0.000

Type  : Slow 1200mV 85C Model Hold 'LCD12864_controller:inst|clk_10'
Slack : 0.452
TNS   : 0.000

Type  : Slow 1200mV 85C Model Hold 'clk'
Slack : 0.452
TNS   : 0.000

Type  : Slow 1200mV 85C Model Hold 'Keyboard_top:keyboard|clock:clk_div|count'
Slack : 0.453
TNS   : 0.000

Type  : Slow 1200mV 85C Model Hold 'Timer:pt|clk_10ms'
Slack : 0.454
TNS   : 0.000

Type  : Slow 1200mV 85C Model Hold 'fsm_screen:FS|state.MENU'
Slack : 0.816
TNS   : 0.000

Type  : Slow 1200mV 85C Model Recovery 'fsm_screen:FS|state.MENU'
Slack : -7.714
TNS   : -1609.199

Type  : Slow 1200mV 85C Model Removal 'fsm_screen:FS|state.MENU'
Slack : 0.432
TNS   : 0.000

Type  : Slow 1200mV 85C Model Minimum Pulse Width 'clk'
Slack : -3.000
TNS   : -221.589

Type  : Slow 1200mV 85C Model Minimum Pulse Width 'Keyboard_top:keyboard|clock:clk_div|count'
Slack : -1.487
TNS   : -187.362

Type  : Slow 1200mV 85C Model Minimum Pulse Width 'Timer:pt|clk_10ms'
Slack : -1.487
TNS   : -123.421

Type  : Slow 1200mV 85C Model Minimum Pulse Width 'DS1302_Top_final:DS1302|CLK_div:cl|clk_out'
Slack : -1.487
TNS   : -101.116

Type  : Slow 1200mV 85C Model Minimum Pulse Width 'LCD12864_controller:inst|clk_10'
Slack : -1.487
TNS   : -49.071

Type  : Slow 1200mV 85C Model Minimum Pulse Width 'fsm_screen:FS|state.MENU'
Slack : 0.351
TNS   : 0.000

Type  : Slow 1200mV 0C Model Setup 'Timer:pt|clk_10ms'
Slack : -82.462
TNS   : -1499.344

Type  : Slow 1200mV 0C Model Setup 'LCD12864_controller:inst|clk_10'
Slack : -13.367
TNS   : -206.439

Type  : Slow 1200mV 0C Model Setup 'DS1302_Top_final:DS1302|CLK_div:cl|clk_out'
Slack : -9.335
TNS   : -158.812

Type  : Slow 1200mV 0C Model Setup 'fsm_screen:FS|state.MENU'
Slack : -6.699
TNS   : -1462.952

Type  : Slow 1200mV 0C Model Setup 'Keyboard_top:keyboard|clock:clk_div|count'
Slack : -4.797
TNS   : -343.549

Type  : Slow 1200mV 0C Model Setup 'clk'
Slack : -4.268
TNS   : -409.860

Type  : Slow 1200mV 0C Model Hold 'Keyboard_top:keyboard|clock:clk_div|count'
Slack : 0.400
TNS   : 0.000

Type  : Slow 1200mV 0C Model Hold 'clk'
Slack : 0.400
TNS   : 0.000

Type  : Slow 1200mV 0C Model Hold 'DS1302_Top_final:DS1302|CLK_div:cl|clk_out'
Slack : 0.401
TNS   : 0.000

Type  : Slow 1200mV 0C Model Hold 'LCD12864_controller:inst|clk_10'
Slack : 0.401
TNS   : 0.000

Type  : Slow 1200mV 0C Model Hold 'Timer:pt|clk_10ms'
Slack : 0.402
TNS   : 0.000

Type  : Slow 1200mV 0C Model Hold 'fsm_screen:FS|state.MENU'
Slack : 0.936
TNS   : 0.000

Type  : Slow 1200mV 0C Model Recovery 'fsm_screen:FS|state.MENU'
Slack : -7.412
TNS   : -1561.203

Type  : Slow 1200mV 0C Model Removal 'fsm_screen:FS|state.MENU'
Slack : 0.588
TNS   : 0.000

Type  : Slow 1200mV 0C Model Minimum Pulse Width 'clk'
Slack : -3.000
TNS   : -221.589

Type  : Slow 1200mV 0C Model Minimum Pulse Width 'Keyboard_top:keyboard|clock:clk_div|count'
Slack : -1.487
TNS   : -187.362

Type  : Slow 1200mV 0C Model Minimum Pulse Width 'Timer:pt|clk_10ms'
Slack : -1.487
TNS   : -123.421

Type  : Slow 1200mV 0C Model Minimum Pulse Width 'DS1302_Top_final:DS1302|CLK_div:cl|clk_out'
Slack : -1.487
TNS   : -101.116

Type  : Slow 1200mV 0C Model Minimum Pulse Width 'LCD12864_controller:inst|clk_10'
Slack : -1.487
TNS   : -49.071

Type  : Slow 1200mV 0C Model Minimum Pulse Width 'fsm_screen:FS|state.MENU'
Slack : 0.197
TNS   : 0.000

Type  : Fast 1200mV 0C Model Setup 'Timer:pt|clk_10ms'
Slack : -38.345
TNS   : -668.375

Type  : Fast 1200mV 0C Model Setup 'LCD12864_controller:inst|clk_10'
Slack : -5.722
TNS   : -79.013

Type  : Fast 1200mV 0C Model Setup 'DS1302_Top_final:DS1302|CLK_div:cl|clk_out'
Slack : -3.829
TNS   : -37.598

Type  : Fast 1200mV 0C Model Setup 'fsm_screen:FS|state.MENU'
Slack : -2.590
TNS   : -549.241

Type  : Fast 1200mV 0C Model Setup 'Keyboard_top:keyboard|clock:clk_div|count'
Slack : -1.631
TNS   : -102.090

Type  : Fast 1200mV 0C Model Setup 'clk'
Slack : -1.453
TNS   : -106.376

Type  : Fast 1200mV 0C Model Hold 'Keyboard_top:keyboard|clock:clk_div|count'
Slack : 0.166
TNS   : 0.000

Type  : Fast 1200mV 0C Model Hold 'LCD12864_controller:inst|clk_10'
Slack : 0.186
TNS   : 0.000

Type  : Fast 1200mV 0C Model Hold 'clk'
Slack : 0.186
TNS   : 0.000

Type  : Fast 1200mV 0C Model Hold 'DS1302_Top_final:DS1302|CLK_div:cl|clk_out'
Slack : 0.187
TNS   : 0.000

Type  : Fast 1200mV 0C Model Hold 'Timer:pt|clk_10ms'
Slack : 0.187
TNS   : 0.000

Type  : Fast 1200mV 0C Model Hold 'fsm_screen:FS|state.MENU'
Slack : 0.385
TNS   : 0.000

Type  : Fast 1200mV 0C Model Recovery 'fsm_screen:FS|state.MENU'
Slack : -2.989
TNS   : -582.707

Type  : Fast 1200mV 0C Model Removal 'fsm_screen:FS|state.MENU'
Slack : 0.246
TNS   : 0.000

Type  : Fast 1200mV 0C Model Minimum Pulse Width 'clk'
Slack : -3.000
TNS   : -159.638

Type  : Fast 1200mV 0C Model Minimum Pulse Width 'Keyboard_top:keyboard|clock:clk_div|count'
Slack : -1.000
TNS   : -126.000

Type  : Fast 1200mV 0C Model Minimum Pulse Width 'Timer:pt|clk_10ms'
Slack : -1.000
TNS   : -83.000

Type  : Fast 1200mV 0C Model Minimum Pulse Width 'DS1302_Top_final:DS1302|CLK_div:cl|clk_out'
Slack : -1.000
TNS   : -68.000

Type  : Fast 1200mV 0C Model Minimum Pulse Width 'LCD12864_controller:inst|clk_10'
Slack : -1.000
TNS   : -33.000

Type  : Fast 1200mV 0C Model Minimum Pulse Width 'fsm_screen:FS|state.MENU'
Slack : 0.329
TNS   : 0.000

------------------------------------------------------------
